<!DOCTYPE html>
<html lang="en">
<head>
	<meta charset="UTF-8">
	<title>Golden</title>
	<link rel="stylesheet" href="css/main.css">
	<link rel="stylesheet" href="css/fonts.css">
	<link rel="shortcut icon" href="img/favicon.ico" type="image/x-icon">
</head>
<body>
	<header>
		<div class="container">
			<div class="heading clearfix">
				<img class="logo" src="img/logo.png" alt="Golden" ></img>
				<nav>
					<ul class="menu">
						<li>
							<a href="#">Home</a>
						</li>
						<li>
							<a href="#">Services</a>
						</li>	
						<li>
							<a href="#">Portfolio</a>
						</li>	
						<li>
							<a href="#">About</a>
						</li>	
						<li>
							<a href="#">Contacts</a>
						</li>	
					</ul>
				</nav>
			</div>
			<div class="titles">
				<div class="titles_f">
					Welcome to our studio
				</div>
				<h1>
					It's nice to Meet you
				</h1>
			</div>
			<a class="button" href="#">Tell Me More</a>
		</div>
	</header>

	<section id="services">
		<div class="container">
			<div class="title">
				<h2>
					Services
				</h2>
				<p>
					Proin iaculis purus consequat sem cure.
				</p>
			</div>
			<div class="services clearfix">
				<div class="services_item">
					<img src="img/icon1.png" alt="">
					<h3>E-Commerce</h3>
					<p>
						Proin iaculis purus consequat sem cure digni ssim.
						Donec porttitora entum suscipit eanean rhoncus
						posuere odio in tincidunt.
					</p>
				</div>
				<div class="services_item">
					<img src="img/icon2.png" alt="">
					<h3>Responsive Web</h3>
					<p>
						Proin iaculis purus consequat sem cure digni ssim.
						Donec porttitora entum suscipit eanean rhoncus
						posuere odio in tincidunt.
					</p>
				</div>
				<div class="services_item">
					<img src="img/icon3.png" alt="">
					<h3>Web Security</h3>
					<p>
						Proin iaculis purus consequat sem cure digni ssim.
						Donec porttitora entum suscipit eanean rhoncus
						posuere odio in tincidunt.
					</p>
				</div>
			</div>
		</div>
	</section>
	<section id="portfolio">
		<div class="container">
			<div class="title">
				<h2>
					Our portfolio
				</h2>
				<p>
					Proin iaculis purus consequat sem cure.
				</p>
			</div>
			<div class="works clearfix">
				<img src="img/img1.jpg" alt="">
				<img src="img/img2.jpg" alt="">
				<img src="img/img3.jpg" alt="">
			</div>
		</div>
	</section>
	<section id="about">
		<div class="container">
			<div class="title">
				<h2>
					About Us
				</h2>
				<p>
					Proin iaculis purus consequat sem cure. 
				</p>
			</div>
			<div class="information1">
				<span>
					July 2010 <br>
					Our Humble Beginnings <br>
					<p>
						Proin iaculis purus consequat sem cure <br>
						digni ssim. Donec porttitora entum suscipit <br>
						aenean rhoncus posuere odio in tincidunt. Proin <br>
						iaculis purus consequat sem cure digni <br>
						ssim. Donec porttitora entum suscipit. <br>
					</p>
				</span>
				<img src="img/about1.jpg">
			</div>
			<div class="information2">
				<span>
					January 2011<br>
					Facing Startup Battles <br>
					<p>
						Proin iaculis purus consequat sem cure <br>
						digni ssim. Donec porttitora entum suscipit <br>
						aenean rhoncus posuere odio in tincidunt. Proin <br>
						iaculis purus consequat sem cure digni <br>
						ssim. Donec porttitora entum suscipit aenean <br>
						rhoncus posuere odio in tincidunt. <br>
					</p>
				</span>
				<img src="img/about2.jpg">
			</div>
			<div class="information3">
				<span>
					December 2012 <br>
					Enter The Dark Days <br>
					<p>
						Proin iaculis purus consequat sem cure <br>
						digni ssim. Donec porttitora entum suscipit <br>
						aenean rhoncus posuere odio in tincidunt. Proin <br>
						iaculis purus consequat sem cure digni. <br>
					</p>
				</span>
				<img src="img/about3.jpg">
			</div>
			<div class="information4">
				<span>
					February 2014 <br>
					Our Triumph <br>
					<p>
						Proin iaculis purus consequat sem cure <br>
						digni ssim. Donec porttitora entum suscipit <br>
						aenean rhoncus posuere odio in tincidunt. Proin <br>
						iaculis purus consequat sem cure digni <br>
						ssim. Donec porttitora entum suscipit aenean. <br>
					</p>
				</span>
				<img src="img/about4.jpg">
			</div>
		</div>
	</section>
	<footer>
		<div class="container">
			<span>Â© Copyright 2014 FreebiesXpress.com</span>
		</div>
	</footer>
</body>
</html>
